
Circuit 1 cell sky130_fd_pr__nfet_01v8 and Circuit 2 cell sky130_fd_pr__nfet_01v8 are black boxes.
Equate elements:  no current cell.
Device classes sky130_fd_pr__nfet_01v8 and sky130_fd_pr__nfet_01v8 are equivalent.

Circuit 1 cell sky130_fd_pr__pfet_01v8 and Circuit 2 cell sky130_fd_pr__pfet_01v8 are black boxes.
Equate elements:  no current cell.
Device classes sky130_fd_pr__pfet_01v8 and sky130_fd_pr__pfet_01v8 are equivalent.

Circuit 1 cell sky130_fd_pr__res_xhigh_po_0p35 and Circuit 2 cell sky130_fd_pr__res_xhigh_po_0p35 are black boxes.
Equate elements:  no current cell.
Device classes sky130_fd_pr__res_xhigh_po_0p35 and sky130_fd_pr__res_xhigh_po_0p35 are equivalent.
Flattening unmatched subcell LDS_full in circuit LDS_pasdpll_xschem.spice (0)(1 instance)
Flattening unmatched subcell LDS_vco in circuit LDS_pasdpll_xschem.spice (0)(1 instance)
Flattening unmatched subcell LDS_csi in circuit LDS_pasdpll_xschem.spice (0)(13 instances)
Flattening unmatched subcell LDS_inverter in circuit LDS_pasdpll_xschem.spice (0)(2 instances)
Flattening unmatched subcell LDS_clkdiv in circuit LDS_pasdpll_xschem.spice (0)(1 instance)
Flattening unmatched subcell LDS_inverter in circuit LDS_pasdpll_xschem.spice (0)(3 instances)
Flattening unmatched subcell LDS_posdff in circuit LDS_pasdpll_xschem.spice (0)(3 instances)
Flattening unmatched subcell LDS_csrl_latch in circuit LDS_pasdpll_xschem.spice (0)(3 instances)
Flattening unmatched subcell LDS_n_csrl_latch in circuit LDS_pasdpll_xschem.spice (0)(3 instances)
Flattening unmatched subcell LDS_ipump in circuit LDS_pasdpll_xschem.spice (0)(1 instance)
Flattening unmatched subcell LDS_hpd in circuit LDS_pasdpll_xschem.spice (0)(1 instance)
Flattening unmatched subcell LDS_inverter in circuit LDS_pasdpll_xschem.spice (0)(2 instances)
Flattening unmatched subcell LDS_xor in circuit LDS_pasdpll_xschem.spice (0)(2 instances)
Flattening unmatched subcell LDS_inverter in circuit LDS_pasdpll_xschem.spice (0)(4 instances)
Flattening unmatched subcell LDS_posdff in circuit LDS_pasdpll_xschem.spice (0)(1 instance)
Flattening unmatched subcell LDS_csrl_latch in circuit LDS_pasdpll_xschem.spice (0)(1 instance)
Flattening unmatched subcell LDS_n_csrl_latch in circuit LDS_pasdpll_xschem.spice (0)(1 instance)
Flattening unmatched subcell LDS_negdff in circuit LDS_pasdpll_xschem.spice (0)(1 instance)
Flattening unmatched subcell LDS_n_csrl_latch in circuit LDS_pasdpll_xschem.spice (0)(1 instance)
Flattening unmatched subcell LDS_csrl_latch in circuit LDS_pasdpll_xschem.spice (0)(1 instance)
Flattening unmatched subcell res3k6 in circuit pasdpll_wo_caps.spice (1)(1 instance)
Flattening unmatched subcell cap in circuit pasdpll_wo_caps.spice (1)(11 instances)
Flattening unmatched subcell dpll in circuit pasdpll_wo_caps.spice (1)(1 instance)
Flattening unmatched subcell div8 in circuit pasdpll_wo_caps.spice (1)(1 instance)
Flattening unmatched subcell div in circuit pasdpll_wo_caps.spice (1)(3 instances)
Flattening unmatched subcell inv in circuit pasdpll_wo_caps.spice (1)(3 instances)
Flattening unmatched subcell posdff in circuit pasdpll_wo_caps.spice (1)(3 instances)
Flattening unmatched subcell ext2spi in circuit pasdpll_wo_caps.spice (1)(3 instances)
Flattening unmatched subcell ncsrl in circuit pasdpll_wo_caps.spice (1)(3 instances)
Flattening unmatched subcell hpd in circuit pasdpll_wo_caps.spice (1)(1 instance)
Flattening unmatched subcell negdff in circuit pasdpll_wo_caps.spice (1)(1 instance)
Flattening unmatched subcell ext2spi in circuit pasdpll_wo_caps.spice (1)(1 instance)
Flattening unmatched subcell ncsrl in circuit pasdpll_wo_caps.spice (1)(1 instance)
Flattening unmatched subcell xor in circuit pasdpll_wo_caps.spice (1)(2 instances)
Flattening unmatched subcell inv in circuit pasdpll_wo_caps.spice (1)(6 instances)
Flattening unmatched subcell posdff in circuit pasdpll_wo_caps.spice (1)(1 instance)
Flattening unmatched subcell ext2spi in circuit pasdpll_wo_caps.spice (1)(1 instance)
Flattening unmatched subcell ncsrl in circuit pasdpll_wo_caps.spice (1)(1 instance)
Flattening unmatched subcell ipump in circuit pasdpll_wo_caps.spice (1)(1 instance)
Flattening unmatched subcell vco in circuit pasdpll_wo_caps.spice (1)(1 instance)
Flattening unmatched subcell csi in circuit pasdpll_wo_caps.spice (1)(13 instances)
Flattening unmatched subcell inv in circuit pasdpll_wo_caps.spice (1)(2 instances)
Flattening unmatched subcell res100k in circuit pasdpll_wo_caps.spice (1)(1 instance)

Class LDS_pasdpll_xschem.spice (0):  Merged 18 parallel devices.
Class pasdpll_wo_caps.spice (1):  Merged 27 parallel devices.
Subcircuit summary:
Circuit 1: LDS_pasdpll_xschem.spice        |Circuit 2: pasdpll_wo_caps.spice           
-------------------------------------------|-------------------------------------------
sky130_fd_pr__nfet_01v8 (136->118)         |sky130_fd_pr__nfet_01v8 (136->118)         
sky130_fd_pr__pfet_01v8 (125->116)         |sky130_fd_pr__pfet_01v8 (125->116)         
sky130_fd_pr__res_xhigh_po_0p35 (2)        |sky130_fd_pr__res_xhigh_po_0p35 (2)        
Number of devices: 236                     |Number of devices: 236                     
Number of nets: 144                        |Number of nets: 144                        
---------------------------------------------------------------------------------------
Netlists match uniquely with property errors.
sky130_fd_pr__res_xhigh_po_0p35:R3 vs. res3k6_0/sky130_fd_pr__res_xhigh_po_0p35:0:
Property W in circuit1 has no matching property in circuit2
sky130_fd_pr__res_xhigh_po_0p35:R1 vs. res100k_0/sky130_fd_pr__res_xhigh_po_0p35:0:
Property W in circuit1 has no matching property in circuit2
LDS_full:5/LDS_clkdiv:2/LDS_posdff:3/LDS_csrl_latch:2/sky130_fd_pr__pfet_01v8:M23 vs. dpll_0//div8_0//div_2//posdff_0/ext2spi:csrl_0/sky130_fd_pr__pfet_01v8:6:
 W circuit1: (unresolved expression)   0.5  (property type mismatch)
 L circuit1: (unresolved expression)   0.5  (property type mismatch)
LDS_full:5/LDS_clkdiv:2/LDS_posdff:3/LDS_csrl_latch:2/sky130_fd_pr__pfet_01v8:M20 vs. dpll_0//div8_0//div_2//posdff_0/ext2spi:csrl_0/sky130_fd_pr__pfet_01v8:11:
 W circuit1: (unresolved expression)   0.5  (property type mismatch)
 L circuit1: (unresolved expression)   0.5  (property type mismatch)
LDS_full:5/LDS_clkdiv:2/LDS_posdff:1/LDS_csrl_latch:2/sky130_fd_pr__pfet_01v8:M23 vs. dpll_0//div8_0//div_0//posdff_0/ext2spi:csrl_0/sky130_fd_pr__pfet_01v8:6:
 W circuit1: (unresolved expression)   0.5  (property type mismatch)
 L circuit1: (unresolved expression)   0.5  (property type mismatch)
LDS_full:5/LDS_clkdiv:2/LDS_posdff:1/LDS_csrl_latch:2/sky130_fd_pr__pfet_01v8:M20 vs. dpll_0//div8_0//div_0//posdff_0/ext2spi:csrl_0/sky130_fd_pr__pfet_01v8:11:
 W circuit1: (unresolved expression)   0.5  (property type mismatch)
 L circuit1: (unresolved expression)   0.5  (property type mismatch)
LDS_full:5/LDS_hpd:3/LDS_negdff:2/LDS_csrl_latch:2/sky130_fd_pr__pfet_01v8:M24 vs. dpll_0//hpd_0//negdff_0/ext2spi:csrl_0/sky130_fd_pr__pfet_01v8:4:
 W circuit1: (unresolved expression)   0.5  (property type mismatch)
 L circuit1: (unresolved expression)   0.5  (property type mismatch)
LDS_full:5/LDS_hpd:3/LDS_negdff:2/LDS_csrl_latch:2/sky130_fd_pr__pfet_01v8:M23 vs. dpll_0//hpd_0//negdff_0/ext2spi:csrl_0/sky130_fd_pr__pfet_01v8:6:
 W circuit1: (unresolved expression)   0.5  (property type mismatch)
 L circuit1: (unresolved expression)   0.5  (property type mismatch)
LDS_full:5/LDS_hpd:3/LDS_negdff:2/LDS_csrl_latch:2/sky130_fd_pr__pfet_01v8:M22 vs. dpll_0//hpd_0//negdff_0/ext2spi:csrl_0/sky130_fd_pr__pfet_01v8:2:
 W circuit1: (unresolved expression)   0.5  (property type mismatch)
 L circuit1: (unresolved expression)   0.5  (property type mismatch)
LDS_full:5/LDS_hpd:3/LDS_negdff:2/LDS_csrl_latch:2/sky130_fd_pr__pfet_01v8:M19 vs. dpll_0//hpd_0//negdff_0/ext2spi:csrl_0/sky130_fd_pr__pfet_01v8:7:
 W circuit1: (unresolved expression)   0.5  (property type mismatch)
 L circuit1: (unresolved expression)   0.5  (property type mismatch)
LDS_full:5/LDS_clkdiv:2/LDS_posdff:2/LDS_csrl_latch:2/sky130_fd_pr__pfet_01v8:M22 vs. dpll_0//div8_0//div_1//posdff_0/ext2spi:csrl_0/sky130_fd_pr__pfet_01v8:2:
 W circuit1: (unresolved expression)   0.5  (property type mismatch)
 L circuit1: (unresolved expression)   0.5  (property type mismatch)
LDS_full:5/LDS_clkdiv:2/LDS_posdff:1/LDS_csrl_latch:2/sky130_fd_pr__pfet_01v8:M22 vs. dpll_0//div8_0//div_0//posdff_0/ext2spi:csrl_0/sky130_fd_pr__pfet_01v8:2:
 W circuit1: (unresolved expression)   0.5  (property type mismatch)
 L circuit1: (unresolved expression)   0.5  (property type mismatch)
LDS_full:5/LDS_clkdiv:2/LDS_posdff:3/LDS_csrl_latch:2/sky130_fd_pr__pfet_01v8:M22 vs. dpll_0//div8_0//div_2//posdff_0/ext2spi:csrl_0/sky130_fd_pr__pfet_01v8:2:
 W circuit1: (unresolved expression)   0.5  (property type mismatch)
 L circuit1: (unresolved expression)   0.5  (property type mismatch)
LDS_full:5/LDS_hpd:3/LDS_negdff:2/LDS_csrl_latch:2/sky130_fd_pr__pfet_01v8:M21 vs. dpll_0//hpd_0//negdff_0/ext2spi:csrl_0/sky130_fd_pr__pfet_01v8:9:
 W circuit1: (unresolved expression)   0.5  (property type mismatch)
 L circuit1: (unresolved expression)   0.5  (property type mismatch)
LDS_full:5/LDS_hpd:3/LDS_negdff:2/LDS_csrl_latch:2/sky130_fd_pr__pfet_01v8:M20 vs. dpll_0//hpd_0//negdff_0/ext2spi:csrl_0/sky130_fd_pr__pfet_01v8:11:
 W circuit1: (unresolved expression)   0.5  (property type mismatch)
 L circuit1: (unresolved expression)   0.5  (property type mismatch)
LDS_full:5/LDS_hpd:3/LDS_xor:5/sky130_fd_pr__pfet_01v8:M3 vs. dpll_0//hpd_0//xor_0/sky130_fd_pr__pfet_01v8:4:
 W circuit1: (unresolved expression)   0.5  (property type mismatch)
 L circuit1: (unresolved expression)   0.15  (property type mismatch)
LDS_full:5/LDS_clkdiv:2/LDS_posdff:3/LDS_csrl_latch:2/sky130_fd_pr__pfet_01v8:M19 vs. dpll_0//div8_0//div_2//posdff_0/ext2spi:csrl_0/sky130_fd_pr__pfet_01v8:7:
 W circuit1: (unresolved expression)   0.5  (property type mismatch)
 L circuit1: (unresolved expression)   0.5  (property type mismatch)
LDS_full:5/LDS_clkdiv:2/LDS_posdff:2/LDS_csrl_latch:2/sky130_fd_pr__pfet_01v8:M19 vs. dpll_0//div8_0//div_1//posdff_0/ext2spi:csrl_0/sky130_fd_pr__pfet_01v8:7:
 W circuit1: (unresolved expression)   0.5  (property type mismatch)
 L circuit1: (unresolved expression)   0.5  (property type mismatch)
LDS_full:5/LDS_clkdiv:2/LDS_posdff:1/LDS_csrl_latch:2/sky130_fd_pr__pfet_01v8:M19 vs. dpll_0//div8_0//div_0//posdff_0/ext2spi:csrl_0/sky130_fd_pr__pfet_01v8:7:
 W circuit1: (unresolved expression)   0.5  (property type mismatch)
 L circuit1: (unresolved expression)   0.5  (property type mismatch)
LDS_full:5/LDS_hpd:3/LDS_xor:5/sky130_fd_pr__pfet_01v8:M4 vs. dpll_0//hpd_0//xor_0/sky130_fd_pr__pfet_01v8:7:
 W circuit1: (unresolved expression)   0.5  (property type mismatch)
 L circuit1: (unresolved expression)   0.15  (property type mismatch)
LDS_full:5/LDS_hpd:3/LDS_xor:5/sky130_fd_pr__pfet_01v8:M2 vs. dpll_0//hpd_0//xor_0/sky130_fd_pr__pfet_01v8:5:
 W circuit1: (unresolved expression)   0.5  (property type mismatch)
 L circuit1: (unresolved expression)   0.15  (property type mismatch)
LDS_full:5/LDS_hpd:3/LDS_xor:5/sky130_fd_pr__pfet_01v8:M5 vs. dpll_0//hpd_0//xor_0/sky130_fd_pr__pfet_01v8:6:
 W circuit1: (unresolved expression)   0.5  (property type mismatch)
 L circuit1: (unresolved expression)   0.15  (property type mismatch)
LDS_full:5/LDS_hpd:3/LDS_xor:3/sky130_fd_pr__pfet_01v8:M5 vs. dpll_0//hpd_0//xor_1/sky130_fd_pr__pfet_01v8:6:
 W circuit1: (unresolved expression)   0.5  (property type mismatch)
 L circuit1: (unresolved expression)   0.15  (property type mismatch)
LDS_full:5/LDS_hpd:3/LDS_posdff:1/LDS_csrl_latch:2/sky130_fd_pr__pfet_01v8:M19 vs. dpll_0//hpd_0//posdff_0/ext2spi:csrl_0/sky130_fd_pr__pfet_01v8:2:
 W circuit1: (unresolved expression)   0.5  (property type mismatch)
 L circuit1: (unresolved expression)   0.5  (property type mismatch)
LDS_full:5/LDS_hpd:3/LDS_posdff:1/LDS_csrl_latch:2/sky130_fd_pr__pfet_01v8:M22 vs. dpll_0//hpd_0//posdff_0/ext2spi:csrl_0/sky130_fd_pr__pfet_01v8:7:
 W circuit1: (unresolved expression)   0.5  (property type mismatch)
 L circuit1: (unresolved expression)   0.5  (property type mismatch)
LDS_full:5/LDS_hpd:3/LDS_xor:3/sky130_fd_pr__pfet_01v8:M3 vs. dpll_0//hpd_0//xor_1/sky130_fd_pr__pfet_01v8:4:
 W circuit1: (unresolved expression)   0.5  (property type mismatch)
 L circuit1: (unresolved expression)   0.15  (property type mismatch)
LDS_full:5/LDS_clkdiv:2/LDS_posdff:2/LDS_csrl_latch:2/sky130_fd_pr__pfet_01v8:M24 vs. dpll_0//div8_0//div_1//posdff_0/ext2spi:csrl_0/sky130_fd_pr__pfet_01v8:4:
 W circuit1: (unresolved expression)   0.5  (property type mismatch)
 L circuit1: (unresolved expression)   0.5  (property type mismatch)
LDS_full:5/LDS_clkdiv:2/LDS_posdff:2/LDS_csrl_latch:2/sky130_fd_pr__pfet_01v8:M21 vs. dpll_0//div8_0//div_1//posdff_0/ext2spi:csrl_0/sky130_fd_pr__pfet_01v8:9:
 W circuit1: (unresolved expression)   0.5  (property type mismatch)
 L circuit1: (unresolved expression)   0.5  (property type mismatch)
LDS_full:5/LDS_hpd:3/LDS_posdff:1/LDS_csrl_latch:2/sky130_fd_pr__pfet_01v8:M21 vs. dpll_0//hpd_0//posdff_0/ext2spi:csrl_0/sky130_fd_pr__pfet_01v8:4:
 W circuit1: (unresolved expression)   0.5  (property type mismatch)
 L circuit1: (unresolved expression)   0.5  (property type mismatch)
LDS_full:5/LDS_hpd:3/LDS_posdff:1/LDS_csrl_latch:2/sky130_fd_pr__pfet_01v8:M24 vs. dpll_0//hpd_0//posdff_0/ext2spi:csrl_0/sky130_fd_pr__pfet_01v8:9:
 W circuit1: (unresolved expression)   0.5  (property type mismatch)
 L circuit1: (unresolved expression)   0.5  (property type mismatch)
LDS_full:5/LDS_clkdiv:2/LDS_posdff:1/LDS_csrl_latch:2/sky130_fd_pr__pfet_01v8:M24 vs. dpll_0//div8_0//div_0//posdff_0/ext2spi:csrl_0/sky130_fd_pr__pfet_01v8:4:
 W circuit1: (unresolved expression)   0.5  (property type mismatch)
 L circuit1: (unresolved expression)   0.5  (property type mismatch)
LDS_full:5/LDS_clkdiv:2/LDS_posdff:1/LDS_csrl_latch:2/sky130_fd_pr__pfet_01v8:M21 vs. dpll_0//div8_0//div_0//posdff_0/ext2spi:csrl_0/sky130_fd_pr__pfet_01v8:9:
 W circuit1: (unresolved expression)   0.5  (property type mismatch)
 L circuit1: (unresolved expression)   0.5  (property type mismatch)
LDS_full:5/LDS_clkdiv:2/LDS_posdff:3/LDS_csrl_latch:2/sky130_fd_pr__pfet_01v8:M24 vs. dpll_0//div8_0//div_2//posdff_0/ext2spi:csrl_0/sky130_fd_pr__pfet_01v8:4:
 W circuit1: (unresolved expression)   0.5  (property type mismatch)
 L circuit1: (unresolved expression)   0.5  (property type mismatch)
LDS_full:5/LDS_clkdiv:2/LDS_posdff:3/LDS_csrl_latch:2/sky130_fd_pr__pfet_01v8:M21 vs. dpll_0//div8_0//div_2//posdff_0/ext2spi:csrl_0/sky130_fd_pr__pfet_01v8:9:
 W circuit1: (unresolved expression)   0.5  (property type mismatch)
 L circuit1: (unresolved expression)   0.5  (property type mismatch)
LDS_full:5/LDS_hpd:3/LDS_posdff:1/LDS_csrl_latch:2/sky130_fd_pr__pfet_01v8:M23 vs. dpll_0//hpd_0//posdff_0/ext2spi:csrl_0/sky130_fd_pr__pfet_01v8:11:
 W circuit1: (unresolved expression)   0.5  (property type mismatch)
 L circuit1: (unresolved expression)   0.5  (property type mismatch)
LDS_full:5/LDS_hpd:3/LDS_posdff:1/LDS_csrl_latch:2/sky130_fd_pr__pfet_01v8:M20 vs. dpll_0//hpd_0//posdff_0/ext2spi:csrl_0/sky130_fd_pr__pfet_01v8:6:
 W circuit1: (unresolved expression)   0.5  (property type mismatch)
 L circuit1: (unresolved expression)   0.5  (property type mismatch)
LDS_full:5/LDS_clkdiv:2/LDS_posdff:2/LDS_csrl_latch:2/sky130_fd_pr__pfet_01v8:M23 vs. dpll_0//div8_0//div_1//posdff_0/ext2spi:csrl_0/sky130_fd_pr__pfet_01v8:6:
 W circuit1: (unresolved expression)   0.5  (property type mismatch)
 L circuit1: (unresolved expression)   0.5  (property type mismatch)
LDS_full:5/LDS_clkdiv:2/LDS_posdff:2/LDS_csrl_latch:2/sky130_fd_pr__pfet_01v8:M20 vs. dpll_0//div8_0//div_1//posdff_0/ext2spi:csrl_0/sky130_fd_pr__pfet_01v8:11:
 W circuit1: (unresolved expression)   0.5  (property type mismatch)
 L circuit1: (unresolved expression)   0.5  (property type mismatch)
LDS_full:5/LDS_ipump:4/sky130_fd_pr__pfet_01v8:M18 vs. dpll_0//ipump_0/sky130_fd_pr__pfet_01v8:6:
 W circuit1: (unresolved expression)   0.5  (property type mismatch)
 L circuit1: (unresolved expression)   0.15  (property type mismatch)
LDS_full:5/LDS_ipump:4/sky130_fd_pr__pfet_01v8:M8 vs. dpll_0//ipump_0/sky130_fd_pr__pfet_01v8:5:
 W circuit1: (unresolved expression)   0.5  (property type mismatch)
 L circuit1: (unresolved expression)   0.15  (property type mismatch)
LDS_full:5/LDS_ipump:4/sky130_fd_pr__pfet_01v8:M16 vs. dpll_0//ipump_0/sky130_fd_pr__pfet_01v8:13:
 W circuit1: (unresolved expression)   0.5  (property type mismatch)
 L circuit1: (unresolved expression)   0.15  (property type mismatch)
LDS_full:5/LDS_ipump:4/sky130_fd_pr__pfet_01v8:M14 vs. dpll_0//ipump_0/sky130_fd_pr__pfet_01v8:0:
 W circuit1: (unresolved expression)   0.5  (property type mismatch)
 L circuit1: (unresolved expression)   0.15  (property type mismatch)
LDS_full:5/LDS_ipump:4/sky130_fd_pr__pfet_01v8:M12 vs. dpll_0//ipump_0/sky130_fd_pr__pfet_01v8:16:
 W circuit1: (unresolved expression)   0.5  (property type mismatch)
 L circuit1: (unresolved expression)   0.15  (property type mismatch)
LDS_full:5/LDS_ipump:4/sky130_fd_pr__pfet_01v8:M10 vs. dpll_0//ipump_0/sky130_fd_pr__pfet_01v8:3:
 W circuit1: (unresolved expression)   0.5  (property type mismatch)
 L circuit1: (unresolved expression)   0.15  (property type mismatch)
LDS_full:5/LDS_ipump:4/sky130_fd_pr__pfet_01v8:M6 vs. dpll_0//ipump_0/sky130_fd_pr__pfet_01v8:10:
 W circuit1: (unresolved expression)   0.5  (property type mismatch)
 L circuit1: (unresolved expression)   0.15  (property type mismatch)
LDS_full:5/LDS_hpd:3/LDS_xor:3/sky130_fd_pr__pfet_01v8:M4 vs. dpll_0//hpd_0//xor_1/sky130_fd_pr__pfet_01v8:7:
 W circuit1: (unresolved expression)   0.5  (property type mismatch)
 L circuit1: (unresolved expression)   0.15  (property type mismatch)
LDS_full:5/LDS_hpd:3/LDS_xor:3/sky130_fd_pr__pfet_01v8:M2 vs. dpll_0//hpd_0//xor_1/sky130_fd_pr__pfet_01v8:5:
 W circuit1: (unresolved expression)   0.5  (property type mismatch)
 L circuit1: (unresolved expression)   0.15  (property type mismatch)
LDS_full:5/LDS_ipump:4/sky130_fd_pr__pfet_01v8:M4 vs. dpll_0//ipump_0/sky130_fd_pr__pfet_01v8:14:
 W circuit1: (unresolved expression)   0.5  (property type mismatch)
 L circuit1: (unresolved expression)   0.15  (property type mismatch)
LDS_full:5/LDS_vco:1/sky130_fd_pr__pfet_01v8:M2 vs. dpll_0//vco_0/sky130_fd_pr__pfet_01v8:1:
 W circuit1: (unresolved expression)   5  (property type mismatch)
 L circuit1: (unresolved expression)   0.5  (property type mismatch)
LDS_full:5/LDS_vco:1/sky130_fd_pr__pfet_01v8:M4 vs. dpll_0//vco_0/sky130_fd_pr__pfet_01v8:15:
 W circuit1: (unresolved expression)   0.5  (property type mismatch)
 L circuit1: (unresolved expression)   0.5  (property type mismatch)
LDS_full:5/LDS_clkdiv:2/LDS_posdff:3/LDS_csrl_latch:2/sky130_fd_pr__nfet_01v8:M11 vs. dpll_0//div8_0//div_2//posdff_0/ext2spi:csrl_0/sky130_fd_pr__nfet_01v8:1:
 W circuit1: (unresolved expression)   0.5  (property type mismatch)
 L circuit1: (unresolved expression)   0.5  (property type mismatch)
LDS_full:5/LDS_clkdiv:2/LDS_posdff:3/LDS_csrl_latch:2/sky130_fd_pr__nfet_01v8:M8 vs. dpll_0//div8_0//div_2//posdff_0/ext2spi:csrl_0/sky130_fd_pr__nfet_01v8:3:
 W circuit1: (unresolved expression)   0.5  (property type mismatch)
 L circuit1: (unresolved expression)   0.5  (property type mismatch)
LDS_full:5/LDS_clkdiv:2/LDS_posdff:1/LDS_csrl_latch:2/sky130_fd_pr__nfet_01v8:M11 vs. dpll_0//div8_0//div_0//posdff_0/ext2spi:csrl_0/sky130_fd_pr__nfet_01v8:1:
 W circuit1: (unresolved expression)   0.5  (property type mismatch)
 L circuit1: (unresolved expression)   0.5  (property type mismatch)
LDS_full:5/LDS_clkdiv:2/LDS_posdff:1/LDS_csrl_latch:2/sky130_fd_pr__nfet_01v8:M8 vs. dpll_0//div8_0//div_0//posdff_0/ext2spi:csrl_0/sky130_fd_pr__nfet_01v8:3:
 W circuit1: (unresolved expression)   0.5  (property type mismatch)
 L circuit1: (unresolved expression)   0.5  (property type mismatch)
LDS_full:5/LDS_clkdiv:2/LDS_posdff:3/LDS_csrl_latch:2/sky130_fd_pr__nfet_01v8:M10 vs. dpll_0//div8_0//div_2//posdff_0/ext2spi:csrl_0/sky130_fd_pr__nfet_01v8:5:
 W circuit1: (unresolved expression)   0.5  (property type mismatch)
 L circuit1: (unresolved expression)   0.5  (property type mismatch)
LDS_full:5/LDS_clkdiv:2/LDS_posdff:2/LDS_csrl_latch:2/sky130_fd_pr__nfet_01v8:M10 vs. dpll_0//div8_0//div_1//posdff_0/ext2spi:csrl_0/sky130_fd_pr__nfet_01v8:5:
 W circuit1: (unresolved expression)   0.5  (property type mismatch)
 L circuit1: (unresolved expression)   0.5  (property type mismatch)
LDS_full:5/LDS_clkdiv:2/LDS_posdff:1/LDS_csrl_latch:2/sky130_fd_pr__nfet_01v8:M10 vs. dpll_0//div8_0//div_0//posdff_0/ext2spi:csrl_0/sky130_fd_pr__nfet_01v8:5:
 W circuit1: (unresolved expression)   0.5  (property type mismatch)
 L circuit1: (unresolved expression)   0.5  (property type mismatch)
LDS_full:5/LDS_hpd:3/LDS_negdff:2/LDS_csrl_latch:2/sky130_fd_pr__nfet_01v8:M9 vs. dpll_0//hpd_0//negdff_0/ext2spi:csrl_0/sky130_fd_pr__nfet_01v8:0:
 W circuit1: (unresolved expression)   0.5  (property type mismatch)
 L circuit1: (unresolved expression)   0.5  (property type mismatch)
LDS_full:5/LDS_hpd:3/LDS_negdff:2/LDS_csrl_latch:2/sky130_fd_pr__nfet_01v8:M12 vs. dpll_0//hpd_0//negdff_0/ext2spi:csrl_0/sky130_fd_pr__nfet_01v8:8:
 W circuit1: (unresolved expression)   0.5  (property type mismatch)
 L circuit1: (unresolved expression)   0.5  (property type mismatch)
LDS_full:5/LDS_hpd:3/LDS_negdff:2/LDS_csrl_latch:2/sky130_fd_pr__nfet_01v8:M10 vs. dpll_0//hpd_0//negdff_0/ext2spi:csrl_0/sky130_fd_pr__nfet_01v8:5:
 W circuit1: (unresolved expression)   0.5  (property type mismatch)
 L circuit1: (unresolved expression)   0.5  (property type mismatch)
LDS_full:5/LDS_hpd:3/LDS_negdff:2/LDS_csrl_latch:2/sky130_fd_pr__nfet_01v8:M7 vs. dpll_0//hpd_0//negdff_0/ext2spi:csrl_0/sky130_fd_pr__nfet_01v8:10:
 W circuit1: (unresolved expression)   0.5  (property type mismatch)
 L circuit1: (unresolved expression)   0.5  (property type mismatch)
LDS_full:5/LDS_clkdiv:2/LDS_posdff:2/LDS_csrl_latch:2/sky130_fd_pr__nfet_01v8:M7 vs. dpll_0//div8_0//div_1//posdff_0/ext2spi:csrl_0/sky130_fd_pr__nfet_01v8:10:
 W circuit1: (unresolved expression)   0.5  (property type mismatch)
 L circuit1: (unresolved expression)   0.5  (property type mismatch)
LDS_full:5/LDS_clkdiv:2/LDS_posdff:1/LDS_csrl_latch:2/sky130_fd_pr__nfet_01v8:M7 vs. dpll_0//div8_0//div_0//posdff_0/ext2spi:csrl_0/sky130_fd_pr__nfet_01v8:10:
 W circuit1: (unresolved expression)   0.5  (property type mismatch)
 L circuit1: (unresolved expression)   0.5  (property type mismatch)
LDS_full:5/LDS_clkdiv:2/LDS_posdff:3/LDS_csrl_latch:2/sky130_fd_pr__nfet_01v8:M7 vs. dpll_0//div8_0//div_2//posdff_0/ext2spi:csrl_0/sky130_fd_pr__nfet_01v8:10:
 W circuit1: (unresolved expression)   0.5  (property type mismatch)
 L circuit1: (unresolved expression)   0.5  (property type mismatch)
LDS_full:5/LDS_hpd:3/LDS_xor:5/sky130_fd_pr__nfet_01v8:M1 vs. dpll_0//hpd_0//xor_0/sky130_fd_pr__nfet_01v8:1:
 W circuit1: (unresolved expression)   0.5  (property type mismatch)
 L circuit1: (unresolved expression)   0.15  (property type mismatch)
LDS_full:5/LDS_hpd:3/LDS_xor:5/sky130_fd_pr__nfet_01v8:M7 vs. dpll_0//hpd_0//xor_0/sky130_fd_pr__nfet_01v8:3:
 W circuit1: (unresolved expression)   0.5  (property type mismatch)
 L circuit1: (unresolved expression)   0.15  (property type mismatch)
LDS_full:5/LDS_hpd:3/LDS_xor:5/sky130_fd_pr__nfet_01v8:M8 vs. dpll_0//hpd_0//xor_0/sky130_fd_pr__nfet_01v8:0:
 W circuit1: (unresolved expression)   0.5  (property type mismatch)
 L circuit1: (unresolved expression)   0.15  (property type mismatch)
LDS_full:5/LDS_hpd:3/LDS_xor:3/sky130_fd_pr__nfet_01v8:M8 vs. dpll_0//hpd_0//xor_1/sky130_fd_pr__nfet_01v8:0:
 W circuit1: (unresolved expression)   0.5  (property type mismatch)
 L circuit1: (unresolved expression)   0.15  (property type mismatch)
LDS_full:5/LDS_hpd:3/LDS_xor:3/sky130_fd_pr__nfet_01v8:M1 vs. dpll_0//hpd_0//xor_1/sky130_fd_pr__nfet_01v8:1:
 W circuit1: (unresolved expression)   0.5  (property type mismatch)
 L circuit1: (unresolved expression)   0.15  (property type mismatch)
LDS_full:5/LDS_hpd:3/LDS_xor:5/sky130_fd_pr__nfet_01v8:M6 vs. dpll_0//hpd_0//xor_0/sky130_fd_pr__nfet_01v8:2:
 W circuit1: (unresolved expression)   0.5  (property type mismatch)
 L circuit1: (unresolved expression)   0.15  (property type mismatch)
LDS_full:5/LDS_hpd:3/LDS_xor:3/sky130_fd_pr__nfet_01v8:M6 vs. dpll_0//hpd_0//xor_1/sky130_fd_pr__nfet_01v8:2:
 W circuit1: (unresolved expression)   0.5  (property type mismatch)
 L circuit1: (unresolved expression)   0.15  (property type mismatch)
LDS_full:5/LDS_hpd:3/LDS_negdff:2/LDS_csrl_latch:2/sky130_fd_pr__nfet_01v8:M11 vs. dpll_0//hpd_0//negdff_0/ext2spi:csrl_0/sky130_fd_pr__nfet_01v8:1:
 W circuit1: (unresolved expression)   0.5  (property type mismatch)
 L circuit1: (unresolved expression)   0.5  (property type mismatch)
LDS_full:5/LDS_hpd:3/LDS_negdff:2/LDS_csrl_latch:2/sky130_fd_pr__nfet_01v8:M8 vs. dpll_0//hpd_0//negdff_0/ext2spi:csrl_0/sky130_fd_pr__nfet_01v8:3:
 W circuit1: (unresolved expression)   0.5  (property type mismatch)
 L circuit1: (unresolved expression)   0.5  (property type mismatch)
LDS_full:5/LDS_hpd:3/LDS_posdff:1/LDS_csrl_latch:2/sky130_fd_pr__nfet_01v8:M11 vs. dpll_0//hpd_0//posdff_0/ext2spi:csrl_0/sky130_fd_pr__nfet_01v8:3:
 W circuit1: (unresolved expression)   0.5  (property type mismatch)
 L circuit1: (unresolved expression)   0.5  (property type mismatch)
LDS_full:5/LDS_hpd:3/LDS_posdff:1/LDS_csrl_latch:2/sky130_fd_pr__nfet_01v8:M8 vs. dpll_0//hpd_0//posdff_0/ext2spi:csrl_0/sky130_fd_pr__nfet_01v8:1:
 W circuit1: (unresolved expression)   0.5  (property type mismatch)
 L circuit1: (unresolved expression)   0.5  (property type mismatch)
LDS_full:5/LDS_clkdiv:2/LDS_posdff:2/LDS_csrl_latch:2/sky130_fd_pr__nfet_01v8:M11 vs. dpll_0//div8_0//div_1//posdff_0/ext2spi:csrl_0/sky130_fd_pr__nfet_01v8:1:
 W circuit1: (unresolved expression)   0.5  (property type mismatch)
 L circuit1: (unresolved expression)   0.5  (property type mismatch)
LDS_full:5/LDS_clkdiv:2/LDS_posdff:2/LDS_csrl_latch:2/sky130_fd_pr__nfet_01v8:M8 vs. dpll_0//div8_0//div_1//posdff_0/ext2spi:csrl_0/sky130_fd_pr__nfet_01v8:3:
 W circuit1: (unresolved expression)   0.5  (property type mismatch)
 L circuit1: (unresolved expression)   0.5  (property type mismatch)
LDS_full:5/LDS_hpd:3/LDS_posdff:1/LDS_csrl_latch:2/sky130_fd_pr__nfet_01v8:M7 vs. dpll_0//hpd_0//posdff_0/ext2spi:csrl_0/sky130_fd_pr__nfet_01v8:5:
 W circuit1: (unresolved expression)   0.5  (property type mismatch)
 L circuit1: (unresolved expression)   0.5  (property type mismatch)
LDS_full:5/LDS_hpd:3/LDS_posdff:1/LDS_csrl_latch:2/sky130_fd_pr__nfet_01v8:M12 vs. dpll_0//hpd_0//posdff_0/ext2spi:csrl_0/sky130_fd_pr__nfet_01v8:0:
 W circuit1: (unresolved expression)   0.5  (property type mismatch)
 L circuit1: (unresolved expression)   0.5  (property type mismatch)
LDS_full:5/LDS_hpd:3/LDS_posdff:1/LDS_csrl_latch:2/sky130_fd_pr__nfet_01v8:M9 vs. dpll_0//hpd_0//posdff_0/ext2spi:csrl_0/sky130_fd_pr__nfet_01v8:8:
 W circuit1: (unresolved expression)   0.5  (property type mismatch)
 L circuit1: (unresolved expression)   0.5  (property type mismatch)
LDS_full:5/LDS_clkdiv:2/LDS_posdff:2/LDS_csrl_latch:2/sky130_fd_pr__nfet_01v8:M12 vs. dpll_0//div8_0//div_1//posdff_0/ext2spi:csrl_0/sky130_fd_pr__nfet_01v8:8:
 W circuit1: (unresolved expression)   0.5  (property type mismatch)
 L circuit1: (unresolved expression)   0.5  (property type mismatch)
LDS_full:5/LDS_clkdiv:2/LDS_posdff:2/LDS_csrl_latch:2/sky130_fd_pr__nfet_01v8:M9 vs. dpll_0//div8_0//div_1//posdff_0/ext2spi:csrl_0/sky130_fd_pr__nfet_01v8:0:
 W circuit1: (unresolved expression)   0.5  (property type mismatch)
 L circuit1: (unresolved expression)   0.5  (property type mismatch)
LDS_full:5/LDS_clkdiv:2/LDS_posdff:1/LDS_csrl_latch:2/sky130_fd_pr__nfet_01v8:M12 vs. dpll_0//div8_0//div_0//posdff_0/ext2spi:csrl_0/sky130_fd_pr__nfet_01v8:8:
 W circuit1: (unresolved expression)   0.5  (property type mismatch)
 L circuit1: (unresolved expression)   0.5  (property type mismatch)
LDS_full:5/LDS_clkdiv:2/LDS_posdff:3/LDS_csrl_latch:2/sky130_fd_pr__nfet_01v8:M12 vs. dpll_0//div8_0//div_2//posdff_0/ext2spi:csrl_0/sky130_fd_pr__nfet_01v8:8:
 W circuit1: (unresolved expression)   0.5  (property type mismatch)
 L circuit1: (unresolved expression)   0.5  (property type mismatch)
LDS_full:5/LDS_clkdiv:2/LDS_posdff:1/LDS_csrl_latch:2/sky130_fd_pr__nfet_01v8:M9 vs. dpll_0//div8_0//div_0//posdff_0/ext2spi:csrl_0/sky130_fd_pr__nfet_01v8:0:
 W circuit1: (unresolved expression)   0.5  (property type mismatch)
 L circuit1: (unresolved expression)   0.5  (property type mismatch)
LDS_full:5/LDS_clkdiv:2/LDS_posdff:3/LDS_csrl_latch:2/sky130_fd_pr__nfet_01v8:M9 vs. dpll_0//div8_0//div_2//posdff_0/ext2spi:csrl_0/sky130_fd_pr__nfet_01v8:0:
 W circuit1: (unresolved expression)   0.5  (property type mismatch)
 L circuit1: (unresolved expression)   0.5  (property type mismatch)
LDS_full:5/LDS_hpd:3/LDS_posdff:1/LDS_csrl_latch:2/sky130_fd_pr__nfet_01v8:M10 vs. dpll_0//hpd_0//posdff_0/ext2spi:csrl_0/sky130_fd_pr__nfet_01v8:10:
 W circuit1: (unresolved expression)   0.5  (property type mismatch)
 L circuit1: (unresolved expression)   0.5  (property type mismatch)
LDS_full:5/LDS_ipump:4/sky130_fd_pr__nfet_01v8:M17 vs. dpll_0//ipump_0/sky130_fd_pr__nfet_01v8:8:
 W circuit1: (unresolved expression)   0.5  (property type mismatch)
 L circuit1: (unresolved expression)   0.15  (property type mismatch)
LDS_full:5/LDS_ipump:4/sky130_fd_pr__nfet_01v8:M7 vs. dpll_0//ipump_0/sky130_fd_pr__nfet_01v8:4:
 W circuit1: (unresolved expression)   0.5  (property type mismatch)
 L circuit1: (unresolved expression)   0.15  (property type mismatch)
LDS_full:5/LDS_ipump:4/sky130_fd_pr__nfet_01v8:M15 vs. dpll_0//ipump_0/sky130_fd_pr__nfet_01v8:12:
 W circuit1: (unresolved expression)   0.5  (property type mismatch)
 L circuit1: (unresolved expression)   0.15  (property type mismatch)
LDS_full:5/LDS_ipump:4/sky130_fd_pr__nfet_01v8:M13 vs. dpll_0//ipump_0/sky130_fd_pr__nfet_01v8:1:
 W circuit1: (unresolved expression)   0.5  (property type mismatch)
 L circuit1: (unresolved expression)   0.15  (property type mismatch)
LDS_full:5/LDS_ipump:4/sky130_fd_pr__nfet_01v8:M11 vs. dpll_0//ipump_0/sky130_fd_pr__nfet_01v8:7:
 W circuit1: (unresolved expression)   0.5  (property type mismatch)
 L circuit1: (unresolved expression)   0.15  (property type mismatch)
LDS_full:5/LDS_ipump:4/sky130_fd_pr__nfet_01v8:M9 vs. dpll_0//ipump_0/sky130_fd_pr__nfet_01v8:15:
 W circuit1: (unresolved expression)   0.5  (property type mismatch)
 L circuit1: (unresolved expression)   0.15  (property type mismatch)
LDS_full:5/LDS_ipump:4/sky130_fd_pr__nfet_01v8:M5 vs. dpll_0//ipump_0/sky130_fd_pr__nfet_01v8:11:
 W circuit1: (unresolved expression)   0.5  (property type mismatch)
 L circuit1: (unresolved expression)   0.15  (property type mismatch)
LDS_full:5/LDS_hpd:3/LDS_xor:3/sky130_fd_pr__nfet_01v8:M7 vs. dpll_0//hpd_0//xor_1/sky130_fd_pr__nfet_01v8:3:
 W circuit1: (unresolved expression)   0.5  (property type mismatch)
 L circuit1: (unresolved expression)   0.15  (property type mismatch)
LDS_full:5/LDS_ipump:4/sky130_fd_pr__nfet_01v8:M3 vs. dpll_0//ipump_0/sky130_fd_pr__nfet_01v8:17:
 W circuit1: (unresolved expression)   0.5  (property type mismatch)
 L circuit1: (unresolved expression)   0.15  (property type mismatch)
LDS_full:5/LDS_vco:1/sky130_fd_pr__nfet_01v8:M1 vs. dpll_0//vco_0/sky130_fd_pr__nfet_01v8:0:
 W circuit1: (unresolved expression)   5  (property type mismatch)
 L circuit1: (unresolved expression)   0.5  (property type mismatch)
LDS_full:5/LDS_vco:1/sky130_fd_pr__nfet_01v8:M3 vs. dpll_0//vco_0/sky130_fd_pr__nfet_01v8:2:
 W circuit1: (unresolved expression)   0.5  (property type mismatch)
 L circuit1: (unresolved expression)   0.5  (property type mismatch)
Cells have no pins;  pin matching not needed.
Device classes LDS_pasdpll_xschem.spice and pasdpll_wo_caps.spice are equivalent.

Final result: Circuits match uniquely.
Property errors were found.

The following cells had property errors:
 LDS_pasdpll_xschem.spice
